// Jest Snapshot v1, https://goo.gl/fbAQLP

exports[`<InputGroup /> snapshot component 1`] = `
<div
  class="inputGroup"
>
  <div>
    <span
      class="label-text"
    >
      User Name:
    </span>
  </div>
  <input
    aria-label="input-text"
    class="inputText"
    placeholder="Enter the User Name"
    type="text"
    value=""
  />
</div>
`;
